Traceback (most recent call last):
  File "/Users/defalt/Desktop/Athena/research/tree-of-thoughts/example.py", line 44, in <module>
    solution = tree_of_thoughts.solve(
               ^^^^^^^^^^^^^^^^^^^^^^^
  File "/Users/defalt/Desktop/Athena/research/tree-of-thoughts/tree_of_thoughts/treeofthoughts.py", line 389, in solve
    return self.monte_carlo_search(
           ^^^^^^^^^^^^^^^^^^^^^^^^
  File "/Users/defalt/Desktop/Athena/research/tree-of-thoughts/tree_of_thoughts/treeofthoughts.py", line 427, in monte_carlo_search
    evaluated_thoughts = self.model.evaluate_states(
                         ^^^^^^^^^^^^^^^^^^^^^^^^^^^
  File "/Users/defalt/Desktop/Athena/research/tree-of-thoughts/tree_of_thoughts/openai_models.py", line 149, in evaluate_states
    response = self.openai_api_call_handler(prompt, 10, 1)
               ^^^^^^^^^^^^^^^^^^^^^^^^^^^^
AttributeError: 'OpenAILanguageModel' object has no attribute 'openai_api_call_handler'
